2026-04-20 14:41:35.048175 CONNECTING TO OLT ...
2026-04-20 14:44:14.130473 CONNECTING TO OLT ...
2026-04-20 14:44:29.593782 LOGIN SUCCESS
2026-04-20 14:44:34.811975 ENTER ENABLE MODE
2026-04-20 14:44:40.121207 ENTER CONFIG MODE
2026-04-20 14:44:40.121481 SEND REBOOT COMMAND: ont reset 1 27
2026-04-20 14:44:40.576570 WAITING FOR RESPONSE AND ASYNC MESSAGES...
2026-04-20 14:44:48.585400 FULL OUTPUT:
2026-04-20 14:44:48.585723   ontreset127
2026-04-20 14:44:48.585802 REBOOT COMMAND SENT (no async confirmation received)
2026-04-20 14:44:49.890809 SESSION CLOSED
2026-04-20 14:45:46.362474 CONNECTING TO OLT ...
2026-04-20 14:46:01.824826 LOGIN SUCCESS
2026-04-20 14:46:07.039101 ENTER ENABLE MODE
2026-04-20 14:46:12.350301 ENTER CONFIG MODE
2026-04-20 14:46:12.350648 SEND REBOOT COMMAND: ont reset 2 1
2026-04-20 14:46:12.775116 WAITING FOR RESPONSE AND ASYNC MESSAGES...
2026-04-20 14:46:20.784642 FULL OUTPUT:
2026-04-20 14:46:20.784984   ontres
2026-04-20 14:46:20.785059   [2026/04/20 14:35:49]  Info: ONU 6/13 ZTEGcbd8b9d4 ONU authorization success
2026-04-20 14:46:20.785114   et21
2026-04-20 14:46:20.785190 REBOOT COMMAND SENT (no async confirmation received)
2026-04-20 14:46:22.090184 SESSION CLOSED
2026-04-20 14:51:49.513877 CONNECTING TO OLT ...
2026-04-20 14:52:04.974882 LOGIN SUCCESS
2026-04-20 14:52:10.193144 ENTER ENABLE MODE
2026-04-20 14:52:15.502636 ENTER CONFIG MODE
2026-04-20 14:52:15.502914 SEND REBOOT COMMAND: ont reset 2 1
2026-04-20 14:52:15.927485 WAITING FOR RESPONSE AND ASYNC MESSAGES...
2026-04-20 14:52:30.106162 CONNECTING TO OLT ...
2026-04-20 14:52:45.565284 LOGIN SUCCESS
2026-04-20 14:52:50.782790 ENTER ENABLE MODE
2026-04-20 14:52:56.087956 ENTER CONFIG MODE
2026-04-20 14:52:56.088343 SEND REBOOT COMMAND: ont reset 2 1
2026-04-20 14:52:56.513128 WAITING FOR RESPONSE AND ASYNC MESSAGES...
2026-04-20 14:53:04.522840 FULL OUTPUT:
2026-04-20 14:53:04.523240   ontreset21
2026-04-20 14:53:04.523399 REBOOT COMMAND SENT (no async confirmation received)
2026-04-20 14:53:05.828554 SESSION CLOSED
2026-04-20 14:54:26.215069 CONNECTING TO OLT ...
2026-04-20 14:54:41.670984 LOGIN SUCCESS
2026-04-20 14:54:46.889077 ENTER ENABLE MODE
2026-04-20 14:54:52.196815 ENTER CONFIG MODE
2026-04-20 14:54:52.196970 ENTERING INTERFACE: interface gpon 0/2
2026-04-20 14:54:57.775690 ENTER INTERFACE MODE
2026-04-20 14:54:57.775897 SEND REBOOT COMMAND: onu 1 reboot
2026-04-20 14:54:58.168691 WAITING FOR RESPONSE AND ASYNC MESSAGES...
2026-04-20 14:55:06.177481 FULL OUTPUT:
2026-04-20 14:55:06.177812   onu1reboot
2026-04-20 14:55:06.177936 REBOOT CONFIRMED - ONU LINK DOWN
2026-04-20 14:55:07.634715 SESSION CLOSED
2026-04-20 14:56:51.722346 CONNECTING TO OLT ...
2026-04-20 14:57:07.182831 LOGIN SUCCESS
2026-04-20 14:57:12.397680 ENTER ENABLE MODE
2026-04-20 14:57:17.704629 ENTER CONFIG MODE
2026-04-20 14:57:17.704781 ENTERING INTERFACE: interface gpon 0/2
2026-04-20 14:57:23.282630 ENTER INTERFACE MODE
2026-04-20 14:57:23.282797 SEND REBOOT COMMAND: onu 1 reboot
2026-04-20 14:57:23.675040 WAITING FOR RESPONSE AND ASYNC MESSAGES...
2026-04-20 14:57:31.683475 FULL OUTPUT:
2026-04-20 14:57:31.683655   onu1reboot
2026-04-20 14:57:31.683684 REBOOT CONFIRMED - ONU LINK DOWN
2026-04-20 14:57:33.138134 SESSION CLOSED
2026-04-20 14:58:08.290423 CONNECTING TO OLT ...
2026-04-20 14:58:23.749742 LOGIN SUCCESS
2026-04-20 14:58:28.968800 ENTER ENABLE MODE
2026-04-20 14:58:34.278268 ENTER CONFIG MODE
2026-04-20 14:58:34.278690 ENTERING INTERFACE: interface gpon 0/2
2026-04-20 14:58:39.860971 ENTER INTERFACE MODE
2026-04-20 14:58:39.861316 SEND REBOOT COMMAND: onu 1 reboot
2026-04-20 14:58:40.255729 WAITING FOR RESPONSE AND ASYNC MESSAGES...
2026-04-20 14:58:48.265295 FULL OUTPUT:
2026-04-20 14:58:48.265795   onu1reboot
2026-04-20 14:58:48.265881 REBOOT CONFIRMED - ONU LINK DOWN
2026-04-20 14:58:49.723258 SESSION CLOSED
2026-04-20 15:23:05.876601 CONNECTING TO OLT ...
2026-04-20 15:23:21.336896 LOGIN SUCCESS
2026-04-20 15:23:26.554744 ENTER ENABLE MODE
2026-04-20 15:23:31.863809 ENTER CONFIG MODE
2026-04-20 15:23:31.864024 ENTERING INTERFACE: interface gpon 0/2
2026-04-20 15:23:37.442776 ENTER INTERFACE MODE
2026-04-20 15:23:37.442974 SEND REBOOT COMMAND: onu 1 reboot
2026-04-20 15:23:37.837232 WAITING FOR RESPONSE AND ASYNC MESSAGES...
2026-04-20 15:23:45.846311 FULL OUTPUT:
2026-04-20 15:23:45.846603   onu1reboot
2026-04-20 15:23:45.846686   [2026/04/20 15:13:15]  Info: ONU 2/0 ZTEGcf052b18 ONU config load fail
2026-04-20 15:23:45.846746 REBOOT COMMAND FAILED
2026-04-20 15:23:47.302733 SESSION CLOSED
2026-04-20 15:34:02.376628 CONNECTING TO OLT ...
2026-04-20 15:34:17.836114 LOGIN SUCCESS
2026-04-20 15:34:23.052866 ENTER ENABLE MODE
2026-04-20 15:34:28.361346 ENTER CONFIG MODE
2026-04-20 15:34:28.361682 ENTERING INTERFACE: interface gpon 0/2
2026-04-20 15:34:33.945192 ENTER INTERFACE MODE
2026-04-20 15:34:33.945412 SEND REBOOT COMMAND: onu 1 reboot
2026-04-20 15:34:34.341275 WAITING FOR RESPONSE AND ASYNC MESSAGES...
2026-04-20 15:34:42.350127 FULL OUTPUT:
2026-04-20 15:34:42.350361   onu1reboot
2026-04-20 15:34:42.350487 REBOOT CONFIRMED - ONU LINK DOWN
2026-04-20 15:34:43.806867 SESSION CLOSED
2026-04-20 15:35:35.920376 CONNECTING TO OLT ...
2026-04-20 15:35:51.367786 LOGIN SUCCESS
2026-04-20 15:35:56.586100 ENTER ENABLE MODE
2026-04-20 15:36:01.895049 ENTER CONFIG MODE
2026-04-20 15:36:01.895301 ENTERING INTERFACE: interface gpon 0/2
2026-04-20 15:36:07.477359 ENTER INTERFACE MODE
2026-04-20 15:36:07.477679 SEND REBOOT COMMAND: onu 1 reboot
2026-04-20 15:36:07.871848 WAITING FOR RESPONSE AND ASYNC MESSAGES...
2026-04-20 15:36:15.880633 FULL OUTPUT:
2026-04-20 15:36:15.880928   onu1reboot
2026-04-20 15:36:15.881059 REBOOT CONFIRMED - ONU LINK DOWN
2026-04-20 15:36:17.336673 SESSION CLOSED
2026-04-20 15:37:29.808248 CONNECTING TO OLT ...
2026-04-20 15:37:45.265963 LOGIN SUCCESS
2026-04-20 15:37:50.492832 ENTER ENABLE MODE
2026-04-20 15:37:55.801799 ENTER CONFIG MODE
2026-04-20 15:37:55.801980 ENTERING INTERFACE: interface gpon 0/2
2026-04-20 15:38:01.383687 ENTER INTERFACE MODE
2026-04-20 15:38:01.383916 SEND REBOOT COMMAND: onu 1 reboot
2026-04-20 15:38:01.778570 WAITING FOR RESPONSE AND ASYNC MESSAGES...
2026-04-20 15:38:09.787408 FULL OUTPUT:
2026-04-20 15:38:09.787755   onu1reboot
2026-04-20 15:38:09.787832 REBOOT CONFIRMED - ONU LINK DOWN
2026-04-20 15:38:11.244776 SESSION CLOSED
2026-04-20 15:48:32.832989 CONNECTING TO OLT ...
2026-04-20 15:48:48.284052 LOGIN SUCCESS
2026-04-20 15:48:53.502167 ENTER ENABLE MODE
2026-04-20 15:48:58.812258 ENTER CONFIG MODE
2026-04-20 15:48:58.812857 ENTERING INTERFACE: interface gpon 0/2
2026-04-20 15:49:04.400968 ENTER INTERFACE MODE
2026-04-20 15:49:04.401356 SEND REBOOT COMMAND: onu 1 reboot
2026-04-20 15:49:04.795946 WAITING FOR RESPONSE AND ASYNC MESSAGES...
2026-04-20 15:49:12.804984 FULL OUTPUT:
2026-04-20 15:49:12.805213   onu1reboot
2026-04-20 15:49:12.805265 REBOOT CONFIRMED - ONU LINK DOWN
2026-04-20 15:49:14.262239 SESSION CLOSED
2026-04-20 15:53:56.539154 CONNECTING TO OLT ...
2026-04-20 15:54:11.990341 LOGIN SUCCESS
2026-04-20 15:54:17.208896 ENTER ENABLE MODE
2026-04-20 15:54:22.517012 ENTER CONFIG MODE
2026-04-20 15:54:22.517383 ENTERING INTERFACE: interface gpon 0/2
2026-04-20 15:54:28.095853 ENTER INTERFACE MODE
2026-04-20 15:54:28.096076 SEND REBOOT COMMAND: onu 1 reboot
2026-04-20 15:54:28.490330 WAITING FOR RESPONSE AND ASYNC MESSAGES...
2026-04-20 15:54:36.491812 FULL OUTPUT:
2026-04-20 15:54:36.492132   onu1reboot
2026-04-20 15:54:36.492250 REBOOT CONFIRMED - ONU LINK DOWN
2026-04-20 15:54:37.955550 SESSION CLOSED
2026-04-20 16:04:33.544893 CONNECTING TO OLT ...
2026-04-20 16:04:33.589569 GOT USERNAME PROMPT
2026-04-20 16:04:33.591745 GOT PASSWORD PROMPT
2026-04-20 16:04:33.770015 LOGIN SUCCESS
2026-04-20 16:04:33.773206 ENTER ENABLE MODE
2026-04-20 16:04:33.775911 ENTER CONFIG MODE
2026-04-20 16:04:33.776132 ENTERING INTERFACE: interface gpon 0/2
2026-04-20 16:04:33.800695 ENTER INTERFACE MODE. Prompt: b'd: interface gpon 0/2\r\n\r\nCard 1 OneMedia(config)# '
2026-04-20 16:04:33.800853 SEND REBOOT COMMAND: onu 1 reboot
2026-04-20 16:04:33.800994 WAITING FOR RESPONSE (10s)...
2026-04-20 16:04:45.809864 FULL OUTPUT: 'onu1reboot\r\nvty% [VTY] vty[node:7],Unknown command: onu1reboot\r\n\r\nCard 1 OneMedia(config)# '
2026-04-20 16:04:45.810329 REBOOT COMMAND SENT (command accepted, no error)
2026-04-20 16:04:46.812046 SESSION CLOSED
2026-04-20 16:21:34.289898 CONNECTING TO OLT ...
2026-04-20 16:21:34.375624 GOT USERNAME PROMPT
2026-04-20 16:21:34.377822 GOT PASSWORD PROMPT
2026-04-20 16:21:34.545367 LOGIN SUCCESS
2026-04-20 16:21:34.547817 ENTER ENABLE MODE
2026-04-20 16:21:34.550244 ENTER CONFIG MODE
2026-04-20 16:21:34.550351 ENTERING INTERFACE: interface gpon 0/2
2026-04-20 16:21:34.563317 ENTER INTERFACE MODE. Prompt: b'd: interface gpon 0/2\r\n\r\nCard 1 OneMedia(config)# '
2026-04-20 16:21:34.563444 SEND REBOOT COMMAND: onu 1 reboot
2026-04-20 16:21:34.563651 WAITING FOR RESPONSE (10s)...
2026-04-20 16:21:46.575066 FULL OUTPUT: 'onu1reboot\r\nvty% [VTY] vty[node:7],Unknown command: onu1reboot\r\n\r\nCard 1 OneMedia(config)# '
2026-04-20 16:21:46.575311 REBOOT COMMAND FAILED
2026-04-20 16:21:47.577095 SESSION CLOSED
2026-04-20 16:22:16.610300 CONNECTING TO OLT ...
2026-04-20 16:22:16.648858 GOT USERNAME PROMPT
2026-04-20 16:22:16.651326 GOT PASSWORD PROMPT
2026-04-20 16:22:16.828968 LOGIN SUCCESS
2026-04-20 16:22:16.831592 ENTER ENABLE MODE
2026-04-20 16:22:16.834006 ENTER CONFIG MODE
2026-04-20 16:22:16.834164 ENTERING INTERFACE: interface gpon 0/2
2026-04-20 16:22:16.852164 ENTER INTERFACE MODE. Prompt: b'd: interface gpon 0/2\r\n\r\nCard 1 OneMedia(config)# '
2026-04-20 16:22:16.852354 SEND REBOOT COMMAND: onu 1 reboot
2026-04-20 16:22:16.852588 WAITING FOR RESPONSE (10s)...
2026-04-20 16:22:28.865216 FULL OUTPUT: 'onu1reboot\r\nvty% [VTY] vty[node:7],Unknown command: onu1reboot\r\n\r\nCard 1 OneMedia(config)# '
2026-04-20 16:22:28.865553 REBOOT COMMAND FAILED
2026-04-20 16:22:29.867316 SESSION CLOSED
2026-04-20 17:33:44.458155 CONNECTING TO OLT ...
2026-04-20 17:33:44.499057 GOT USERNAME PROMPT
2026-04-20 17:33:44.500895 GOT PASSWORD PROMPT
2026-04-20 17:33:44.679573 LOGIN SUCCESS
2026-04-20 17:33:44.682011 ENTER ENABLE MODE
2026-04-20 17:33:44.684474 ENTER CONFIG MODE
2026-04-20 17:33:44.684705 SEND REBOOT COMMAND: ont reset 2 1
2026-04-20 17:33:44.684916 WAITING FOR RESPONSE (10s)...
2026-04-20 17:33:56.697674 FULL OUTPUT: 'ont reset 2 1 \r\n\r\nCard 1 OneMedia(config)# \r\n[2026/04/20 17:23:29]  Info: ONU 2/1 ZTEGc456dade ONU link down, Reason:Manual Reboot\r\n'
2026-04-20 17:33:56.698006 REBOOT CONFIRMED - ONU LINK DOWN
2026-04-20 17:33:57.699726 SESSION CLOSED
2026-04-20 17:34:43.164373 CONNECTING TO OLT ...
2026-04-20 17:34:43.234450 GOT USERNAME PROMPT
2026-04-20 17:34:43.237198 GOT PASSWORD PROMPT
2026-04-20 17:34:43.434939 LOGIN SUCCESS
2026-04-20 17:34:43.437773 ENTER ENABLE MODE
2026-04-20 17:34:43.440423 ENTER CONFIG MODE
2026-04-20 17:34:43.440684 SEND REBOOT COMMAND: ont reset 2 1
2026-04-20 17:34:43.440833 WAITING FOR RESPONSE (10s)...
2026-04-20 17:34:57.005919 FULL OUTPUT: 'ont reset 2 1 \r\n\r\nCard 1 OneMedia(config)# \r\n[2026/04/20 17:24:32]  Info: ONU 2/1 ZTEGc456dade ONU authorization success\r\n'
2026-04-20 17:34:57.006211 REBOOT COMMAND SENT (no explicit confirmation)
2026-04-20 17:34:58.008297 SESSION CLOSED
2026-04-20 17:35:45.229722 CONNECTING TO OLT ...
2026-04-20 17:35:45.299266 GOT USERNAME PROMPT
2026-04-20 17:35:45.301217 GOT PASSWORD PROMPT
2026-04-20 17:35:45.479894 LOGIN SUCCESS
2026-04-20 17:35:45.483028 ENTER ENABLE MODE
2026-04-20 17:35:45.485644 ENTER CONFIG MODE
2026-04-20 17:35:46.068878 SNMP UPTIME BEFORE: 0
2026-04-20 17:35:46.069061 SEND REBOOT COMMAND: ont reset 2 1
2026-04-20 17:35:46.069214 WAITING FOR RESPONSE (10s)...
2026-04-20 17:35:58.081956 FULL OUTPUT: 'ont reset 2 1 \r\n\r\nCard 1 OneMedia(config)# '
2026-04-20 17:35:58.145343 SNMP UPTIME AFTER: 0
2026-04-20 17:35:58.145658 REBOOT COMMAND SENT (no explicit confirmation)
2026-04-20 17:35:59.147775 SESSION CLOSED
2026-04-20 18:37:14.825294 CONNECTING TO OLT ...
2026-04-20 18:37:14.869768 GOT USERNAME PROMPT
2026-04-20 18:37:14.871876 GOT PASSWORD PROMPT
2026-04-20 18:37:15.050121 LOGIN SUCCESS
2026-04-20 18:37:15.052929 ENTER ENABLE MODE
2026-04-20 18:37:15.055767 ENTER CONFIG MODE
2026-04-20 18:37:15.151552 SNMP UPTIME BEFORE: 360100
2026-04-20 18:37:15.151767 SEND REBOOT COMMAND: ont reset 2 1
2026-04-20 18:37:15.151936 WAITING FOR RESPONSE (10s)...
2026-04-20 18:37:27.160647 FULL OUTPUT: 'ont reset 2 1 \r\n\r\nCard 1 OneMedia(config)# \r\n[2026/04/20 18:26:59]  Info: ONU 2/1 ZTEGc456dade ONU link down, Reason:Manual Reboot\r\n'
2026-04-20 18:37:27.777974 SNMP UPTIME AFTER: 0
2026-04-20 18:37:27.778188 REBOOT CONFIRMED - ONU LINK DOWN
2026-04-20 18:37:28.780073 SESSION CLOSED
